// Jest Snapshot v1, https://goo.gl/fbAQLP

exports[`Login component renders the UI as expected 1`] = `
Array [
  " ",
  <div
    className="create"
  >
    <form
      className="build"
      onSubmit={[Function]}
    >
      <label
        className="build"
        htmlFor="name"
      >
         Game name: 
      </label>
      <input
        id="name"
        name="name"
        type="text"
      />
      <br />
      <label
        className="build"
        htmlFor="maxplayers"
      >
         Max Players: 
      </label>
      <input
        id="maxplayers"
        name="maxplayers"
        type="number"
      />
      <br />
      <label
        className="build"
        htmlFor="location"
      >
         Parks/Fields: 
      </label>
      <input
        id="location"
        name="location"
        type="text"
      />
      <br />
      <label
        className="build"
        htmlFor="date"
      >
         Date of Play: 
      </label>
      <input
        id="date"
        name="date"
        type="text"
      />
      <br />
      <button
        className="submit"
      >
         Post
      </button>
    </form>
  </div>,
]
`;
