// Jest Snapshot v1, https://goo.gl/fbAQLP

exports[`Landing component renders the UI as expected 1`] = `
Array [
  " ",
  <div>
    <p>
      Ever go into the weekend and wish you knew who is playing where and if it would be a hassle to join a pick up game of soccer?
      <br />
      Ever go into a new city and want to squeeze a quick game of pick up soccer, but you don't know anyone yet? 
    </p>
    <h2
      className="say"
    >
      Say no more!
    </h2>
    <h3>
      Presenting the Pick Me Up app, your personal side-kick/guide that ensures you that you will be directed to a pick up game of soccer that makes your weekend!
    </h3>
    <button
      className="viewButton"
    >
      <a
        href="/Games"
        onClick={[Function]}
      >
         View Games Now! 
      </a>
       
    </button>
    <div
      className="signup"
    >
      <h2
        className="signup"
      >
        Sign up now or Login to create your own game!
      </h2>
      <button
        className="signupBtn"
      >
        <a
          href="/signup"
          onClick={[Function]}
        >
           Sign up 
        </a>
          
      </button>
      <button
        className="loginBtn"
      >
        <a
          href="/login"
          onClick={[Function]}
        >
           Login 
        </a>
          
      </button>
    </div>
  </div>,
]
`;
