// Jest Snapshot v1, https://goo.gl/fbAQLP

exports[`Signup component renders the UI as expected 1`] = `
Array [
  " ",
  <div
    className="sign"
  >
    <form
      className="forma"
      onSubmit={[Function]}
    >
      <label
        htmlFor="user_name"
      >
         Username: 
      </label>
      <input
        id="user_name"
        name="user_name"
        placeholder="email@site.com"
        type="text"
      />
      <br />
      <label
        htmlFor="password"
      >
         Password: 
      </label>
      <input
        id="password"
        name="password"
        placeholder="password"
        type="text"
      />
      <br />
      <label
        htmlFor="full_name"
      >
         Name: 
      </label>
      <input
        id="full_name"
        name="full_name"
        placeholder="name"
        type="text"
      />
      <br />
      <label
        htmlFor="location"
      >
         Location: 
      </label>
      <input
        id="location"
        name="location"
        placeholder="city, state"
        type="text"
      />
      <br />
      <button
        className="button"
      >
          Submit 
      </button>
    </form>
  </div>,
]
`;
